// Jest Snapshot v1, https://goo.gl/fbAQLP

exports[`Snapshots tests App renders correctly 1`] = `
<View
  style={
    Object {
      "backgroundColor": "#272822",
      "height": 1334,
      "width": 750,
    }
  }
>
  <KeepAwake />
  <View
    style={
      Object {
        "backgroundColor": "#272822",
        "elevation": 5,
        "flexDirection": "row",
        "height": 333.5,
        "justifyContent": "space-evenly",
        "maxHeight": 333.5,
        "width": 750,
      }
    }
  />
</View>
`;
